apiVersion: v1
kind: Namespace
metadata:
  annotations: {}
  labels:
    name: syn-keycloak-attribute-sync-controller
  name: syn-keycloak-attribute-sync-controller
