apiVersion: rbac.authorization.k8s.io/v1
kind: ClusterRoleBinding
metadata:
  labels:
    app.kubernetes.io/managed-by: commodore
    app.kubernetes.io/name: keycloak-attribute-sync-controller
    app.kubernetes.io/part-of: syn
  name: keycloak-attribute-sync-manager-rolebinding
  namespace: syn-keycloak-attribute-sync-controller
roleRef:
  apiGroup: rbac.authorization.k8s.io
  kind: ClusterRole
  name: keycloak-attribute-sync-manager-role
subjects:
  - kind: ServiceAccount
    name: keycloak-attribute-sync-controller-manager
    namespace: syn-keycloak-attribute-sync-controller
