apiVersion: v1
kind: ServiceAccount
metadata:
  labels:
    app.kubernetes.io/managed-by: commodore
    app.kubernetes.io/name: keycloak-attribute-sync-controller
    app.kubernetes.io/part-of: syn
  name: keycloak-attribute-sync-controller-manager
  namespace: syn-keycloak-attribute-sync-controller
