apiVersion: v1
data: {}
kind: Secret
metadata:
  annotations: {}
  labels:
    app.kubernetes.io/managed-by: commodore
    app.kubernetes.io/name: keycloak-attribute-sync-controller
    app.kubernetes.io/part-of: syn
    name: example-secret
  name: example-secret
  namespace: syn-keycloak-attribute-sync-controller
stringData:
  password: sync-user
  username: sync-user
type: Opaque
